../Core/Src/main.c:67:6:setMovmentSpeed	16	static
../Core/Src/main.c:85:6:emergencyStop	8	static
../Core/Src/main.c:94:6:moveForward	8	static
../Core/Src/main.c:102:6:moveReverse	8	static
../Core/Src/main.c:110:6:turnRight	8	static
../Core/Src/main.c:117:6:turnLeft	8	static
../Core/Src/main.c:124:6:getSensorValues	0	static
../Core/Src/main.c:205:6:SystemClock_Config	96	static,ignoring_inline_asm
../Core/Src/main.c:149:5:main	80	static,ignoring_inline_asm
../Core/Src/main.c:451:6:HAL_UART_RxCpltCallback	24	static
../Core/Src/main.c:482:6:Error_Handler	0	static,ignoring_inline_asm
