../Core/Src/main.c:69:6:setMovmentSpeed	16	static
../Core/Src/main.c:82:6:emergencyStop	8	static
../Core/Src/main.c:91:6:moveForward	8	static
../Core/Src/main.c:99:6:moveReverse	8	static
../Core/Src/main.c:107:6:turnRight	8	static
../Core/Src/main.c:114:6:turnLeft	8	static
../Core/Src/main.c:121:6:getSensorValues	8	static
../Core/Src/main.c:208:6:SystemClock_Config	96	static,ignoring_inline_asm
../Core/Src/main.c:152:5:main	80	static,ignoring_inline_asm
../Core/Src/main.c:472:6:HAL_UART_RxCpltCallback	24	static
../Core/Src/main.c:503:6:Error_Handler	0	static,ignoring_inline_asm
