../Core/Src/main.c:69:6:setMovmentSpeed	24	static
../Core/Src/main.c:106:6:emergencyStop	8	static
../Core/Src/main.c:115:6:moveForward	8	static
../Core/Src/main.c:123:6:moveReverse	8	static
../Core/Src/main.c:131:6:turnRight	8	static
../Core/Src/main.c:138:6:turnLeft	8	static
../Core/Src/main.c:145:6:getSensorValues	8	static
../Core/Src/main.c:177:5:main	8	static
../Core/Src/main.c:226:6:SystemClock_Config	96	static
../Core/Src/main.c:276:13:MX_TIM2_Init	64	static
../Core/Src/main.c:335:13:MX_TIM3_Init	64	static
../Core/Src/main.c:394:13:MX_USART2_UART_Init	8	static
../Core/Src/main.c:429:13:MX_GPIO_Init	48	static
../Core/Src/main.c:490:6:HAL_UART_RxCpltCallback	32	static
../Core/Src/main.c:521:6:Error_Handler	4	static,ignoring_inline_asm
