../Core/Src/main.c:67:6:setMovmentSpeed	16	static
../Core/Src/main.c:85:6:emergencyStop	8	static
../Core/Src/main.c:94:6:moveForward	8	static
../Core/Src/main.c:102:6:moveReverse	8	static
../Core/Src/main.c:110:6:turnRight	8	static
../Core/Src/main.c:117:6:turnLeft	8	static
../Core/Src/main.c:124:6:getSensorValues	8	static
../Core/Src/main.c:149:5:main	8	static
../Core/Src/main.c:205:6:SystemClock_Config	96	static
../Core/Src/main.c:255:13:MX_TIM2_Init	64	static
../Core/Src/main.c:314:13:MX_TIM3_Init	64	static
../Core/Src/main.c:373:13:MX_USART2_UART_Init	8	static
../Core/Src/main.c:408:13:MX_GPIO_Init	48	static
../Core/Src/main.c:451:6:HAL_UART_RxCpltCallback	32	static
../Core/Src/main.c:482:6:Error_Handler	4	static,ignoring_inline_asm
