../Core/Src/main.c:71:6:setMovmentSpeed	24	static
../Core/Src/main.c:108:6:emergencyStop	8	static
../Core/Src/main.c:117:6:moveForward	8	static
../Core/Src/main.c:125:6:moveReverse	8	static
../Core/Src/main.c:133:6:turnRight	8	static
../Core/Src/main.c:140:6:turnLeft	8	static
../Core/Src/main.c:147:6:getSensorValues	8	static
../Core/Src/main.c:156:6:setLedBrightness	16	static
../Core/Src/main.c:183:5:main	8	static
../Core/Src/main.c:234:6:SystemClock_Config	96	static
../Core/Src/main.c:284:13:MX_TIM2_Init	64	static
../Core/Src/main.c:343:13:MX_TIM3_Init	64	static
../Core/Src/main.c:402:13:MX_TIM4_Init	64	static
../Core/Src/main.c:461:13:MX_USART2_UART_Init	8	static
../Core/Src/main.c:496:13:MX_GPIO_Init	48	static
../Core/Src/main.c:557:6:HAL_UART_RxCpltCallback	32	static
../Core/Src/main.c:589:6:Error_Handler	4	static,ignoring_inline_asm
