../Core/Src/main.c:64:6:setMovmentSpeed	16	static
../Core/Src/main.c:78:6:emergencyStop	8	static
../Core/Src/main.c:86:6:moveForward	8	static
../Core/Src/main.c:94:6:moveReverse	8	static
../Core/Src/main.c:102:6:turnRight	8	static
../Core/Src/main.c:109:6:turnLeft	8	static
../Core/Src/main.c:116:6:getSensorValues	8	static
../Core/Src/main.c:139:5:main	8	static
../Core/Src/main.c:191:6:SystemClock_Config	96	static
../Core/Src/main.c:241:13:MX_USART2_UART_Init	8	static
../Core/Src/main.c:276:13:MX_GPIO_Init	48	static
../Core/Src/main.c:319:6:HAL_UART_RxCpltCallback	32	static
../Core/Src/main.c:350:6:Error_Handler	4	static,ignoring_inline_asm
