../Core/Src/main.c:106:6:setMovmentSpeed	24	static
../Core/Src/main.c:143:6:emergencyStop	8	static
../Core/Src/main.c:152:6:moveForward	8	static
../Core/Src/main.c:160:6:moveReverse	8	static
../Core/Src/main.c:168:6:turnRight	8	static
../Core/Src/main.c:175:6:turnLeft	8	static
../Core/Src/main.c:182:6:getEncoderValue	24	static
../Core/Src/main.c:191:6:getSensorValues	8	static
../Core/Src/main.c:207:6:setLedBrightness	16	static
../Core/Src/main.c:211:7:computeDeltaAngle	24	static
../Core/Src/main.c:225:6:updateRobotPosition	48	static
../Core/Src/main.c:256:6:sendRobotData	16	static
../Core/Src/main.c:333:5:main	8	static
../Core/Src/main.c:391:6:SystemClock_Config	96	static
../Core/Src/main.c:441:13:MX_ADC1_Init	48	static
../Core/Src/main.c:544:13:MX_I2C1_Init	8	static
../Core/Src/main.c:592:13:MX_I2C3_Init	8	static
../Core/Src/main.c:640:13:MX_TIM2_Init	64	static
../Core/Src/main.c:699:13:MX_TIM3_Init	64	static
../Core/Src/main.c:758:13:MX_TIM4_Init	64	static
../Core/Src/main.c:817:13:MX_USART2_UART_Init	8	static
../Core/Src/main.c:852:13:MX_GPIO_Init	48	static
../Core/Src/main.c:895:6:HAL_UART_RxCpltCallback	32	static
../Core/Src/main.c:927:6:Error_Handler	4	static,ignoring_inline_asm
