../Core/Src/main.c:69:6:setMovmentSpeed	16	static
../Core/Src/main.c:82:6:emergencyStop	8	static
../Core/Src/main.c:91:6:moveForward	8	static
../Core/Src/main.c:99:6:moveReverse	8	static
../Core/Src/main.c:107:6:turnRight	8	static
../Core/Src/main.c:114:6:turnLeft	8	static
../Core/Src/main.c:121:6:getSensorValues	8	static
../Core/Src/main.c:153:5:main	8	static
../Core/Src/main.c:202:6:SystemClock_Config	96	static
../Core/Src/main.c:252:13:MX_TIM2_Init	64	static
../Core/Src/main.c:311:13:MX_TIM3_Init	64	static
../Core/Src/main.c:370:13:MX_USART2_UART_Init	8	static
../Core/Src/main.c:405:13:MX_GPIO_Init	48	static
../Core/Src/main.c:466:6:HAL_UART_RxCpltCallback	32	static
../Core/Src/main.c:497:6:Error_Handler	4	static,ignoring_inline_asm
