04:01:48 **** Incremental Build of configuration Debug for project Pathfinder_firmware ****
make -j16 all 
arm-none-eabi-gcc "../Core/Src/main.c" -mcpu=cortex-m4 -std=gnu11 -g3 -DDEBUG -DUSE_HAL_DRIVER -DSTM32L476xx -c -I../Core/Inc -I../Drivers/STM32L4xx_HAL_Driver/Inc -I../Drivers/STM32L4xx_HAL_Driver/Inc/Legacy -I../Drivers/CMSIS/Device/ST/STM32L4xx/Include -I../Drivers/CMSIS/Include -O0 -ffunction-sections -fdata-sections -Wall -fstack-usage -fcyclomatic-complexity -MMD -MP -MF"Core/Src/main.d" -MT"Core/Src/main.o" --specs=nano.specs -mfpu=fpv4-sp-d16 -mfloat-abi=hard -mthumb -o "Core/Src/main.o"
../Core/Src/main.c: In function 'getSensorValues':
../Core/Src/main.c:169:9: warning: implicit declaration of function 'sprintf' [-Wimplicit-function-declaration]
  169 |         sprintf(msg, "%f,%f,%f,%f,%f\r\n",sensorsValues[0], sensorsValues[1], sensorsValues[2], sensorsValues[3], sensorsValues[4]);
      |         ^~~~~~~
../Core/Src/main.c:26:1: note: include '<stdio.h>' or provide a declaration of 'sprintf'
   25 | #include <string.h>
  +++ |+#include <stdio.h>
   26 | /* USER CODE END Includes */
../Core/Src/main.c:169:9: warning: incompatible implicit declaration of built-in function 'sprintf' [-Wbuiltin-declaration-mismatch]
  169 |         sprintf(msg, "%f,%f,%f,%f,%f\r\n",sensorsValues[0], sensorsValues[1], sensorsValues[2], sensorsValues[3], sensorsValues[4]);
      |         ^~~~~~~
../Core/Src/main.c:169:9: note: include '<stdio.h>' or provide a declaration of 'sprintf'
../Core/Src/main.c: In function 'HAL_UART_RxCpltCallback':
../Core/Src/main.c:667:48: warning: passing argument 1 of 'strcmp' makes pointer from integer without a cast [-Wint-conversion]
  667 |                         if(strcmp(frameReceived[0], EMERGENCY_STOP ) == 0) emergencyStop();
      |                                   ~~~~~~~~~~~~~^~~
      |                                                |
      |                                                uint64_t {aka long long unsigned int}
In file included from ../Core/Src/main.c:25:
C:\ST\STM32CubeIDE_1.16.1\STM32CubeIDE\plugins\com.st.stm32cube.ide.mcu.externaltools.gnu-tools-for-stm32.12.3.rel1.win32_1.0.200.202406191623\tools\bin/../lib/gcc/arm-none-eabi/12.3.1/../../../../arm-none-eabi/include/string.h:36:18: note: expected 'const char *' but argument is of type 'uint64_t' {aka 'long long unsigned int'}
   36 | int      strcmp (const char *, const char *);
      |                  ^~~~~~~~~~~~
../Core/Src/main.c:667:28: warning: argument 2 null where non-null expected [-Wnonnull]
  667 |                         if(strcmp(frameReceived[0], EMERGENCY_STOP ) == 0) emergencyStop();
      |                            ^~~~~~
C:\ST\STM32CubeIDE_1.16.1\STM32CubeIDE\plugins\com.st.stm32cube.ide.mcu.externaltools.gnu-tools-for-stm32.12.3.rel1.win32_1.0.200.202406191623\tools\bin/../lib/gcc/arm-none-eabi/12.3.1/../../../../arm-none-eabi/include/string.h:36:10: note: in a call to function 'strcmp' declared 'nonnull'
   36 | int      strcmp (const char *, const char *);
      |          ^~~~~~
../Core/Src/main.c:668:53: warning: passing argument 1 of 'strcmp' makes pointer from integer without a cast [-Wint-conversion]
  668 |                         else if(strcmp(frameReceived[0], MOVE_FORWARD) == 0)moveForward();
      |                                        ~~~~~~~~~~~~~^~~
      |                                                     |
      |                                                     uint64_t {aka long long unsigned int}
C:\ST\STM32CubeIDE_1.16.1\STM32CubeIDE\plugins\com.st.stm32cube.ide.mcu.externaltools.gnu-tools-for-stm32.12.3.rel1.win32_1.0.200.202406191623\tools\bin/../lib/gcc/arm-none-eabi/12.3.1/../../../../arm-none-eabi/include/string.h:36:18: note: expected 'const char *' but argument is of type 'uint64_t' {aka 'long long unsigned int'}
   36 | int      strcmp (const char *, const char *);
      |                  ^~~~~~~~~~~~
../Core/Src/main.c:668:58: warning: passing argument 2 of 'strcmp' makes pointer from integer without a cast [-Wint-conversion]
  668 |                         else if(strcmp(frameReceived[0], MOVE_FORWARD) == 0)moveForward();
      |                                                          ^~~~~~~~~~~~
      |                                                          |
      |                                                          int
C:\ST\STM32CubeIDE_1.16.1\STM32CubeIDE\plugins\com.st.stm32cube.ide.mcu.externaltools.gnu-tools-for-stm32.12.3.rel1.win32_1.0.200.202406191623\tools\bin/../lib/gcc/arm-none-eabi/12.3.1/../../../../arm-none-eabi/include/string.h:36:32: note: expected 'const char *' but argument is of type 'int'
   36 | int      strcmp (const char *, const char *);
      |                                ^~~~~~~~~~~~
../Core/Src/main.c:669:53: warning: passing argument 1 of 'strcmp' makes pointer from integer without a cast [-Wint-conversion]
  669 |                         else if(strcmp(frameReceived[0], MOVE_REVERSE) == 0)moveReverse();
      |                                        ~~~~~~~~~~~~~^~~
      |                                                     |
      |                                                     uint64_t {aka long long unsigned int}
C:\ST\STM32CubeIDE_1.16.1\STM32CubeIDE\plugins\com.st.stm32cube.ide.mcu.externaltools.gnu-tools-for-stm32.12.3.rel1.win32_1.0.200.202406191623\tools\bin/../lib/gcc/arm-none-eabi/12.3.1/../../../../arm-none-eabi/include/string.h:36:18: note: expected 'const char *' but argument is of type 'uint64_t' {aka 'long long unsigned int'}
   36 | int      strcmp (const char *, const char *);
      |                  ^~~~~~~~~~~~
../Core/Src/main.c:669:58: warning: passing argument 2 of 'strcmp' makes pointer from integer without a cast [-Wint-conversion]
  669 |                         else if(strcmp(frameReceived[0], MOVE_REVERSE) == 0)moveReverse();
      |                                                          ^~~~~~~~~~~~
      |                                                          |
      |                                                          int
C:\ST\STM32CubeIDE_1.16.1\STM32CubeIDE\plugins\com.st.stm32cube.ide.mcu.externaltools.gnu-tools-for-stm32.12.3.rel1.win32_1.0.200.202406191623\tools\bin/../lib/gcc/arm-none-eabi/12.3.1/../../../../arm-none-eabi/include/string.h:36:32: note: expected 'const char *' but argument is of type 'int'
   36 | int      strcmp (const char *, const char *);
      |                                ^~~~~~~~~~~~
../Core/Src/main.c:670:53: warning: passing argument 1 of 'strcmp' makes pointer from integer without a cast [-Wint-conversion]
  670 |                         else if(strcmp(frameReceived[0], TURN_LEFT) == 0)turnLeft();
      |                                        ~~~~~~~~~~~~~^~~
      |                                                     |
      |                                                     uint64_t {aka long long unsigned int}
C:\ST\STM32CubeIDE_1.16.1\STM32CubeIDE\plugins\com.st.stm32cube.ide.mcu.externaltools.gnu-tools-for-stm32.12.3.rel1.win32_1.0.200.202406191623\tools\bin/../lib/gcc/arm-none-eabi/12.3.1/../../../../arm-none-eabi/include/string.h:36:18: note: expected 'const char *' but argument is of type 'uint64_t' {aka 'long long unsigned int'}
   36 | int      strcmp (const char *, const char *);
      |                  ^~~~~~~~~~~~
../Core/Src/main.c:670:58: warning: passing argument 2 of 'strcmp' makes pointer from integer without a cast [-Wint-conversion]
  670 |                         else if(strcmp(frameReceived[0], TURN_LEFT) == 0)turnLeft();
      |                                                          ^~~~~~~~~
      |                                                          |
      |                                                          int
C:\ST\STM32CubeIDE_1.16.1\STM32CubeIDE\plugins\com.st.stm32cube.ide.mcu.externaltools.gnu-tools-for-stm32.12.3.rel1.win32_1.0.200.202406191623\tools\bin/../lib/gcc/arm-none-eabi/12.3.1/../../../../arm-none-eabi/include/string.h:36:32: note: expected 'const char *' but argument is of type 'int'
   36 | int      strcmp (const char *, const char *);
      |                                ^~~~~~~~~~~~
../Core/Src/main.c:671:53: warning: passing argument 1 of 'strcmp' makes pointer from integer without a cast [-Wint-conversion]
  671 |                         else if(strcmp(frameReceived[0], TURN_RIGHT) == 0)turnRight();
      |                                        ~~~~~~~~~~~~~^~~
      |                                                     |
      |                                                     uint64_t {aka long long unsigned int}
C:\ST\STM32CubeIDE_1.16.1\STM32CubeIDE\plugins\com.st.stm32cube.ide.mcu.externaltools.gnu-tools-for-stm32.12.3.rel1.win32_1.0.200.202406191623\tools\bin/../lib/gcc/arm-none-eabi/12.3.1/../../../../arm-none-eabi/include/string.h:36:18: note: expected 'const char *' but argument is of type 'uint64_t' {aka 'long long unsigned int'}
   36 | int      strcmp (const char *, const char *);
      |                  ^~~~~~~~~~~~
../Core/Src/main.c:671:58: warning: passing argument 2 of 'strcmp' makes pointer from integer without a cast [-Wint-conversion]
  671 |                         else if(strcmp(frameReceived[0], TURN_RIGHT) == 0)turnRight();
      |                                                          ^~~~~~~~~~
      |                                                          |
      |                                                          int
C:\ST\STM32CubeIDE_1.16.1\STM32CubeIDE\plugins\com.st.stm32cube.ide.mcu.externaltools.gnu-tools-for-stm32.12.3.rel1.win32_1.0.200.202406191623\tools\bin/../lib/gcc/arm-none-eabi/12.3.1/../../../../arm-none-eabi/include/string.h:36:32: note: expected 'const char *' but argument is of type 'int'
   36 | int      strcmp (const char *, const char *);
      |                                ^~~~~~~~~~~~
../Core/Src/main.c:672:53: warning: passing argument 1 of 'strcmp' makes pointer from integer without a cast [-Wint-conversion]
  672 |                         else if(strcmp(frameReceived[0], SET_MOVMENT_SPEED) == 0)setMovmentSpeed(frameReceived[1], frameReceived[2]);
      |                                        ~~~~~~~~~~~~~^~~
      |                                                     |
      |                                                     uint64_t {aka long long unsigned int}
C:\ST\STM32CubeIDE_1.16.1\STM32CubeIDE\plugins\com.st.stm32cube.ide.mcu.externaltools.gnu-tools-for-stm32.12.3.rel1.win32_1.0.200.202406191623\tools\bin/../lib/gcc/arm-none-eabi/12.3.1/../../../../arm-none-eabi/include/string.h:36:18: note: expected 'const char *' but argument is of type 'uint64_t' {aka 'long long unsigned int'}
   36 | int      strcmp (const char *, const char *);
      |                  ^~~~~~~~~~~~
../Core/Src/main.c:672:58: warning: passing argument 2 of 'strcmp' makes pointer from integer without a cast [-Wint-conversion]
  672 |                         else if(strcmp(frameReceived[0], SET_MOVMENT_SPEED) == 0)setMovmentSpeed(frameReceived[1], frameReceived[2]);
      |                                                          ^~~~~~~~~~~~~~~~~
      |                                                          |
      |                                                          int
C:\ST\STM32CubeIDE_1.16.1\STM32CubeIDE\plugins\com.st.stm32cube.ide.mcu.externaltools.gnu-tools-for-stm32.12.3.rel1.win32_1.0.200.202406191623\tools\bin/../lib/gcc/arm-none-eabi/12.3.1/../../../../arm-none-eabi/include/string.h:36:32: note: expected 'const char *' but argument is of type 'int'
   36 | int      strcmp (const char *, const char *);
      |                                ^~~~~~~~~~~~
../Core/Src/main.c:673:53: warning: passing argument 1 of 'strcmp' makes pointer from integer without a cast [-Wint-conversion]
  673 |                         else if(strcmp(frameReceived[0], GET_SENSOR_VALUES) == 0)getSensorValues();
      |                                        ~~~~~~~~~~~~~^~~
      |                                                     |
      |                                                     uint64_t {aka long long unsigned int}
C:\ST\STM32CubeIDE_1.16.1\STM32CubeIDE\plugins\com.st.stm32cube.ide.mcu.externaltools.gnu-tools-for-stm32.12.3.rel1.win32_1.0.200.202406191623\tools\bin/../lib/gcc/arm-none-eabi/12.3.1/../../../../arm-none-eabi/include/string.h:36:18: note: expected 'const char *' but argument is of type 'uint64_t' {aka 'long long unsigned int'}
   36 | int      strcmp (const char *, const char *);
      |                  ^~~~~~~~~~~~
../Core/Src/main.c:673:58: warning: passing argument 2 of 'strcmp' makes pointer from integer without a cast [-Wint-conversion]
  673 |                         else if(strcmp(frameReceived[0], GET_SENSOR_VALUES) == 0)getSensorValues();
      |                                                          ^~~~~~~~~~~~~~~~~
      |                                                          |
      |                                                          int
C:\ST\STM32CubeIDE_1.16.1\STM32CubeIDE\plugins\com.st.stm32cube.ide.mcu.externaltools.gnu-tools-for-stm32.12.3.rel1.win32_1.0.200.202406191623\tools\bin/../lib/gcc/arm-none-eabi/12.3.1/../../../../arm-none-eabi/include/string.h:36:32: note: expected 'const char *' but argument is of type 'int'
   36 | int      strcmp (const char *, const char *);
      |                                ^~~~~~~~~~~~
../Core/Src/main.c:674:53: warning: passing argument 1 of 'strcmp' makes pointer from integer without a cast [-Wint-conversion]
  674 |                         else if(strcmp(frameReceived[0], SET_LED_BRIGHTNESS) == 0)setLedBrightness(frameReceived[1]);
      |                                        ~~~~~~~~~~~~~^~~
      |                                                     |
      |                                                     uint64_t {aka long long unsigned int}
C:\ST\STM32CubeIDE_1.16.1\STM32CubeIDE\plugins\com.st.stm32cube.ide.mcu.externaltools.gnu-tools-for-stm32.12.3.rel1.win32_1.0.200.202406191623\tools\bin/../lib/gcc/arm-none-eabi/12.3.1/../../../../arm-none-eabi/include/string.h:36:18: note: expected 'const char *' but argument is of type 'uint64_t' {aka 'long long unsigned int'}
   36 | int      strcmp (const char *, const char *);
      |                  ^~~~~~~~~~~~
../Core/Src/main.c:674:58: warning: passing argument 2 of 'strcmp' makes pointer from integer without a cast [-Wint-conversion]
  674 |                         else if(strcmp(frameReceived[0], SET_LED_BRIGHTNESS) == 0)setLedBrightness(frameReceived[1]);
      |                                                          ^~~~~~~~~~~~~~~~~~
      |                                                          |
      |                                                          int
C:\ST\STM32CubeIDE_1.16.1\STM32CubeIDE\plugins\com.st.stm32cube.ide.mcu.externaltools.gnu-tools-for-stm32.12.3.rel1.win32_1.0.200.202406191623\tools\bin/../lib/gcc/arm-none-eabi/12.3.1/../../../../arm-none-eabi/include/string.h:36:32: note: expected 'const char *' but argument is of type 'int'
   36 | int      strcmp (const char *, const char *);
      |                                ^~~~~~~~~~~~
../Core/Src/main.c:676:25: warning: 'memset' used with length equal to number of elements without multiplication by element size [-Wmemset-elt-size]
  676 |                         memset(frameReceived, 0, 10);
      |                         ^~~~~~
../Core/Src/main.c:668:33: warning: 'strcmp' reading 1 or more bytes from a region of size 0 [-Wstringop-overread]
  668 |                         else if(strcmp(frameReceived[0], MOVE_FORWARD) == 0)moveForward();
      |                                 ^~~~~~~~~~~~~~~~~~~~~~~~~~~~~~~~~~~~~~
../Core/Src/main.c:669:33: warning: 'strcmp' reading 1 or more bytes from a region of size 0 [-Wstringop-overread]
  669 |                         else if(strcmp(frameReceived[0], MOVE_REVERSE) == 0)moveReverse();
      |                                 ^~~~~~~~~~~~~~~~~~~~~~~~~~~~~~~~~~~~~~
../Core/Src/main.c:670:33: warning: 'strcmp' reading 1 or more bytes from a region of size 0 [-Wstringop-overread]
  670 |                         else if(strcmp(frameReceived[0], TURN_LEFT) == 0)turnLeft();
      |                                 ^~~~~~~~~~~~~~~~~~~~~~~~~~~~~~~~~~~
../Core/Src/main.c:671:33: warning: 'strcmp' reading 1 or more bytes from a region of size 0 [-Wstringop-overread]
  671 |                         else if(strcmp(frameReceived[0], TURN_RIGHT) == 0)turnRight();
      |                                 ^~~~~~~~~~~~~~~~~~~~~~~~~~~~~~~~~~~~
../Core/Src/main.c:672:33: warning: 'strcmp' reading 1 or more bytes from a region of size 0 [-Wstringop-overread]
  672 |                         else if(strcmp(frameReceived[0], SET_MOVMENT_SPEED) == 0)setMovmentSpeed(frameReceived[1], frameReceived[2]);
      |                                 ^~~~~~~~~~~~~~~~~~~~~~~~~~~~~~~~~~~~~~~~~~~
../Core/Src/main.c:673:33: warning: 'strcmp' reading 1 or more bytes from a region of size 0 [-Wstringop-overread]
  673 |                         else if(strcmp(frameReceived[0], GET_SENSOR_VALUES) == 0)getSensorValues();
      |                                 ^~~~~~~~~~~~~~~~~~~~~~~~~~~~~~~~~~~~~~~~~~~
../Core/Src/main.c:674:33: warning: 'strcmp' reading 1 or more bytes from a region of size 0 [-Wstringop-overread]
  674 |                         else if(strcmp(frameReceived[0], SET_LED_BRIGHTNESS) == 0)setLedBrightness(frameReceived[1]);
      |                                 ^~~~~~~~~~~~~~~~~~~~~~~~~~~~~~~~~~~~~~~~~~~~
arm-none-eabi-gcc -o "Pathfinder_firmware.elf" @"objects.list"   -mcpu=cortex-m4 -T"C:\Users\rgrab\Documents\Github\Pathfinder\firmware\Pathfinder_firmware\STM32L476RGTX_FLASH.ld" --specs=nosys.specs -Wl,-Map="Pathfinder_firmware.map" -Wl,--gc-sections -static --specs=nano.specs -mfpu=fpv4-sp-d16 -mfloat-abi=hard -mthumb -u _printf_float -u _scanf_float -Wl,--start-group -lc -lm -Wl,--end-group
Finished building target: Pathfinder_firmware.elf
 
arm-none-eabi-size  Pathfinder_firmware.elf 
arm-none-eabi-objdump -h -S Pathfinder_firmware.elf  > "Pathfinder_firmware.list"
   text	   data	    bss	    dec	    hex	filename
  52108	    468	   2632	  55208	   d7a8	Pathfinder_firmware.elf
Finished building: default.size.stdout
 
Finished building: Pathfinder_firmware.list
 
04:07:15 **** Incremental Build of configuration Debug for project Pathfinder_firmware ****
make -j16 all 
arm-none-eabi-size  Pathfinder_firmware.elf 
   text	   data	    bss	    dec	    hex	filename
  52108	    468	   2632	  55208	   d7a8	Pathfinder_firmware.elf
Finished building: default.size.stdout
 
